******************************************************************************
                  TI ARM Linker PC v5.0.1                      
******************************************************************************
>> Linked Thu Oct 16 16:22:30 2014

OUTPUT FILE NAME:   <ENCE463_ASC_v1.out>
ENTRY POINT SYMBOL: "_c_int00"  address: 00004751


MEMORY CONFIGURATION

         name            origin    length      used     unused   attr    fill
----------------------  --------  ---------  --------  --------  ----  --------
  FLASH                 00000000   00040000  00005094  0003af6c  R  X
  SRAM                  20000000   00010000  000047ce  0000b832  RW X


SEGMENT ALLOCATION MAP

run origin  load origin   length   init length attrs members
----------  ----------- ---------- ----------- ----- -------
00000000    00000000    00005098   00005098    r-x
  00000000    00000000    000000f0   000000f0    r-- .intvecs
  000000f0    000000f0    00004aa6   00004aa6    r-x .text
  00004b98    00004b98    0000049e   0000049e    r-- .const
  00005038    00005038    00000060   00000060    r-- .cinit
20000000    20000000    00004700   00000000    rw-
  20000000    20000000    000028fc   00000000    rw- .bss
  200028fc    200028fc    00000f00   00000000    rw- .stack
  20003800    20003800    00000f00   00000000    rw- .sysmem
20004700    20004700    000000d2   000000d2    rw-
  20004700    20004700    000000d2   000000d2    rw- .data


SECTION ALLOCATION MAP

 output                                  attributes/
section   page    origin      length       input sections
--------  ----  ----------  ----------   ----------------
.intvecs   0    00000000    000000f0     
                  00000000    000000f0     startup_ccs.obj (.intvecs)

.text      0    000000f0    00004aa6     
                  000000f0    00000e7a     rtsv7M3_T_le_eabi.lib : _printfi.obj (.text)
                  00000f6a    00000002     --HOLE-- [fill = 0]
                  00000f6c    00000c84     tasks.obj (.text)
                  00001bf0    0000058c     ASCgui.obj (.text)
                  0000217c    00000510     rit128x96x4.obj (.text)
                  0000268c    00000380     PWM.obj (.text)
                  00002a0c    00000258     button.obj (.text)
                  00002c64    000001f4     rtsv7M3_T_le_eabi.lib : ull_div_t2.obj (.text)
                  00002e58    000001c4     driverlib-cm3.lib : sysctl.obj (.text:SysCtlClockGet)
                  0000301c    000001c0     heap_2.obj (.text)
                  000031dc    000001b6     rtsv7M3_T_le_eabi.lib : fd_add_t2.obj (.text)
                  00003392    00000002     --HOLE-- [fill = 0]
                  00003394    00000160     main.obj (.text)
                  000034f4    00000140     driverlib-cm3.lib : sysctl.obj (.text:SysCtlClockSet)
                  00003634    00000136     rtsv7M3_T_le_eabi.lib : fd_div_t2.obj (.text)
                  0000376a    0000012e     list.obj (.text)
                  00003898    00000114     ADC.obj (.text)
                  000039ac    000000fc     rtsv7M3_T_le_eabi.lib : fd_mul_t2.obj (.text)
                  00003aa8    000000fa                           : fs_add_t2.obj (.text)
                  00003ba2    00000002     --HOLE-- [fill = 0]
                  00003ba4    000000e4     port.obj (.text)
                  00003c88    000000d0     messages.obj (.text)
                  00003d58    000000b8     driverlib-cm3.lib : gpio.obj (.text:GPIOPadConfigSet)
                  00003e10    0000009c     portasm.obj (.text)
                  00003eac    0000009c     rtsv7M3_T_le_eabi.lib : memcpy_t2.obj (.text)
                  00003f48    00000094                           : auto_init.obj (.text)
                  00003fdc    00000092                           : fs_div_t2.obj (.text)
                  0000406e    0000007e                           : fd_cmp_t2.obj (.text)
                  000040ec    0000007a                           : fs_mul_t2.obj (.text)
                  00004166    00000078                           : memset_t2.obj (.text)
                  000041de    0000006e     driverlib-cm3.lib : adc.obj (.text:ADCSequenceStepConfigure)
                  0000424c    00000060                       : interrupt.obj (.text:IntEnable)
                  000042ac    00000060     rtsv7M3_T_le_eabi.lib : fs_cmp_t2.obj (.text)
                  0000430c    00000060                           : sprintf.obj (.text)
                  0000436c    0000005e                           : copy_decompress_rle.obj (.text)
                  000043ca    00000002     --HOLE-- [fill = 0]
                  000043cc    00000058     driverlib-cm3.lib : sysctl.obj (.text:SysCtlPeripheralEnable)
                  00004424    00000056     rtsv7M3_T_le_eabi.lib : ltoa.obj (.text)
                  0000447a    00000002     --HOLE-- [fill = 0]
                  0000447c    0000004c                           : atoi.obj (.text)
                  000044c8    0000004a                           : fd_tos_t2.obj (.text)
                  00004512    00000048                           : fd_toi_t2.obj (.text)
                  0000455a    00000002     --HOLE-- [fill = 0]
                  0000455c    00000044                           : cpy_tbl.obj (.text)
                  000045a0    00000044                           : xdtest.obj (.text)
                  000045e4    00000042     driverlib-cm3.lib : ssi.obj (.text:SSIConfigSetExpClk)
                  00004626    00000040                       : uart.obj (.text:UARTConfigSetExpClk)
                  00004666    00000002     --HOLE-- [fill = 0]
                  00004668    00000040     rtsv7M3_T_le_eabi.lib : exit.obj (.text)
                  000046a8    00000038                           : fs_tod_t2.obj (.text)
                  000046e0    00000038                           : fs_toi_t2.obj (.text)
                  00004718    00000038                           : i_tofs_t2.obj (.text)
                  00004750    00000034                           : boot.obj (.text)
                  00004784    00000034                           : fs_tou_t2.obj (.text)
                  000047b8    00000030                           : strncpy.obj (.text)
                  000047e8    0000002e                           : i_tofd_t2.obj (.text)
                  00004816    0000002c     driverlib-cm3.lib : adc.obj (.text:ADCSequenceConfigure)
                  00004842    0000002a                       : gpio.obj (.text:GPIODirModeSet)
                  0000486c    00000024     rtsv7M3_T_le_eabi.lib : u_tofs_t2.obj (.text)
                  00004890    00000022     driverlib-cm3.lib : pwm.obj (.text:PWMGenConfigure)
                  000048b2    00000022     rtsv7M3_T_le_eabi.lib : memcmp.obj (.text)
                  000048d4    00000020     driverlib-cm3.lib : sysctl.obj (.text:SysCtlADCSpeedSet)
                  000048f4    00000020     rtsv7M3_T_le_eabi.lib : u_tofd_t2.obj (.text)
                  00004914    0000001e     driverlib-cm3.lib : adc.obj (.text:ADCSequenceDataGet)
                  00004932    0000001e                       : pwm.obj (.text:PWMPulseWidthSet)
                  00004950    0000001c                       : uart.obj (.text:UARTDisable)
                  0000496c    0000001a     rtsv7M3_T_le_eabi.lib : memccpy.obj (.text)
                  00004986    00000002     --HOLE-- [fill = 0]
                  00004988    00000018                           : args_main.obj (.text)
                  000049a0    00000018                           : ll_mul_t2.obj (.text)
                  000049b8    00000016     driverlib-cm3.lib : adc.obj (.text:ADCProcessorTrigger)
                  000049ce    00000014                       : adc.obj (.text:ADCHardwareOversampleConfigure)
                  000049e2    00000014                       : uart.obj (.text:UARTEnable)
                  000049f6    00000002     --HOLE-- [fill = 0]
                  000049f8    00000014     rtsv7M3_T_le_eabi.lib : _lock.obj (.text)
                  00004a0c    00000014                           : strlen.obj (.text)
                  00004a20    00000012     driverlib-cm3.lib : gpio.obj (.text:GPIOPinTypeADC)
                  00004a32    00000012                       : gpio.obj (.text:GPIOPinTypeGPIOOutput)
                  00004a44    00000012                       : gpio.obj (.text:GPIOPinTypePWM)
                  00004a56    00000012                       : gpio.obj (.text:GPIOPinTypeSSI)
                  00004a68    00000012                       : gpio.obj (.text:GPIOPinTypeUART)
                  00004a7a    00000012                       : pwm.obj (.text:PWMOutputState)
                  00004a8c    00000012                       : ssi.obj (.text:SSIDataGetNonBlocking)
                  00004a9e    00000012     rtsv7M3_T_le_eabi.lib : copy_zero_init.obj (.text:decompress:ZI)
                  00004ab0    00000010     driverlib-cm3.lib : adc.obj (.text:ADCIntEnable)
                  00004ac0    00000010                       : pwm.obj (.text:PWMGenPeriodSet)
                  00004ad0    0000000e                       : adc.obj (.text:ADCSequenceDisable)
                  00004ade    0000000e                       : adc.obj (.text:ADCSequenceEnable)
                  00004aec    0000000e                       : uart.obj (.text:UARTCharGetNonBlocking)
                  00004afa    0000000e     rtsv7M3_T_le_eabi.lib : copy_decompress_none.obj (.text:decompress:none)
                  00004b08    0000000e                           : xdclass.obj (.text)
                  00004b16    0000000c     driverlib-cm3.lib : uart.obj (.text:UARTCharsAvail)
                  00004b22    0000000c     startup_ccs.obj (.text)
                  00004b2e    0000000a     driverlib-cm3.lib : pwm.obj (.text:PWMGenEnable)
                  00004b38    0000000a                       : ssi.obj (.text:SSIDataPut)
                  00004b42    0000000a                       : ssi.obj (.text:SSIDisable)
                  00004b4c    0000000a                       : ssi.obj (.text:SSIEnable)
                  00004b56    0000000a                       : uart.obj (.text:UARTCharPut)
                  00004b60    0000000a                       : uart.obj (.text:UARTIntStatus)
                  00004b6a    00000008                       : ssi.obj (.text:SSIBusy)
                  00004b72    00000008                       : uart.obj (.text:UARTIntEnable)
                  00004b7a    00000006                       : gpio.obj (.text:GPIOPinRead)
                  00004b80    00000006                       : gpio.obj (.text:GPIOPinWrite)
                  00004b86    00000006                       : sysctl.obj (.text:SysCtlDelay)
                  00004b8c    00000006     rtsv7M3_T_le_eabi.lib : copy_decompress_rle.obj (.text:decompress:rle24)
                  00004b92    00000004     driverlib-cm3.lib : uart.obj (.text:UARTIntClear)

.const     0    00004b98    0000049e     
                  00004b98    000001e0     rit128x96x4.obj (.const:g_pucFont)
                  00004d78    00000101     rtsv7M3_T_le_eabi.lib : ctype.obj (.const:.string:_ctypes_)
                  00004e79    00000003     --HOLE-- [fill = 0]
                  00004e7c    00000070     driverlib-cm3.lib : interrupt.obj (.const)
                  00004eec    0000006c                       : sysctl.obj (.const:g_pulXtals)
                  00004f58    0000004f     rit128x96x4.obj (.const:.string:g_pucRIT128x96x4Init)
                  00004fa7    00000001     --HOLE-- [fill = 0]
                  00004fa8    00000040     driverlib-cm3.lib : sysctl.obj (.const)
                  00004fe8    0000002c     main.obj (.const:.string)
                  00005014    00000014     tasks.obj (.const:.string)
                  00005028    0000000c     rit128x96x4.obj (.const:.string)
                  00005034    00000002     heap_2.obj (.const)

.cinit     0    00005038    00000060     
                  00005038    00000039     (.cinit..data.load) [load image, compression = rle]
                  00005071    00000003     --HOLE-- [fill = 0]
                  00005074    0000000c     (__TI_handler_table)
                  00005080    00000008     (.cinit..bss.load) [load image, compression = zero_init]
                  00005088    00000010     (__TI_cinit_table)

.bss       0    20000000    000028fc     UNINITIALIZED
                  20000000    00002800     heap_2.obj (.bss:xHeap)
                  20002800    0000006c     tasks.obj (.bss)
                  2000286c    00000064     tasks.obj (.bss:pxReadyTasksLists)
                  200028d0    00000010     ADC.obj (.bss)
                  200028e0    00000010     heap_2.obj (.bss)
                  200028f0    0000000c     rit128x96x4.obj (.bss)

.stack     0    200028fc    00000f00     UNINITIALIZED
                  200028fc    00000f00     --HOLE--

.sysmem    0    20003800    00000f00     UNINITIALIZED
                  20003800    00000008     rtsv7M3_T_le_eabi.lib : memory.obj (.sysmem)
                  20003808    00000ef8     --HOLE--

.data      0    20004700    000000d2     
                  20004700    00000034     ASCgui.obj (.data)
                  20004734    00000032     messages.obj (.data:buff)
                  20004766    00000002     --HOLE--
                  20004768    00000030     tasks.obj (.data)
                  20004798    00000014     button.obj (.data)
                  200047ac    00000008     heap_2.obj (.data)
                  200047b4    00000008     rtsv7M3_T_le_eabi.lib : _lock.obj (.data)
                  200047bc    00000008                           : exit.obj (.data)
                  200047c4    00000004     messages.obj (.data)
                  200047c8    00000004     port.obj (.data)
                  200047cc    00000004     rtsv7M3_T_le_eabi.lib : stkdepth_vars.obj (.data)
                  200047d0    00000002     PWM.obj (.data)


LINKER GENERATED COPY TABLES

__TI_cinit_table @ 00005088 records: 2, size/record: 8, table size: 16
	.data: load addr=00005038, load size=00000039 bytes, run addr=20004700, run size=000000d2 bytes, compression=rle
	.bss: load addr=00005080, load size=00000008 bytes, run addr=20000000, run size=000028fc bytes, compression=zero_init


LINKER GENERATED HANDLER TABLE

__TI_handler_table @ 00005074 records: 3, size/record: 4, table size: 12
	index: 0, handler: __TI_decompress_rle24
	index: 1, handler: __TI_decompress_none
	index: 2, handler: __TI_zero_init


GLOBAL SYMBOLS: SORTED ALPHABETICALLY BY Name 

address    name
--------   ----
000049cf   ADCHardwareOversampleConfigure
00004ab1   ADCIntEnable
000049b9   ADCProcessorTrigger
00004817   ADCSequenceConfigure
00004915   ADCSequenceDataGet
00004ad1   ADCSequenceDisable
00004adf   ADCSequenceEnable
000041df   ADCSequenceStepConfigure
00004669   C$$EXIT
00004843   GPIODirModeSet
00003d59   GPIOPadConfigSet
00004b7b   GPIOPinRead
00004a21   GPIOPinTypeADC
00004a33   GPIOPinTypeGPIOOutput
00004a45   GPIOPinTypePWM
00004a57   GPIOPinTypeSSI
00004a69   GPIOPinTypeUART
00004b81   GPIOPinWrite
0000424d   IntEnable
00004891   PWMGenConfigure
00004b2f   PWMGenEnable
00004ac1   PWMGenPeriodSet
00004a7b   PWMOutputState
00004933   PWMPulseWidthSet
00002285   RIT128x96x4Clear
00002517   RIT128x96x4Disable
00002659   RIT128x96x4DisplayOff
00002625   RIT128x96x4DisplayOn
000024bd   RIT128x96x4Enable
00002421   RIT128x96x4ImageDraw
00002585   RIT128x96x4Init
000022f1   RIT128x96x4StringDraw
00004b23   ResetISR
UNDEFED    SHT$$INIT_ARRAY$$Base
UNDEFED    SHT$$INIT_ARRAY$$Limit
00004b6b   SSIBusy
000045e5   SSIConfigSetExpClk
00004a8d   SSIDataGetNonBlocking
00004b39   SSIDataPut
00004b43   SSIDisable
00004b4d   SSIEnable
000048d5   SysCtlADCSpeedSet
00002e59   SysCtlClockGet
000034f5   SysCtlClockSet
00004b87   SysCtlDelay
000043cd   SysCtlPeripheralEnable
00003cb1   UART1IntHandler
00004aed   UARTCharGetNonBlocking
00004b57   UARTCharPut
00004b17   UARTCharsAvail
00004627   UARTConfigSetExpClk
00004951   UARTDisable
000049e3   UARTEnable
00004b93   UARTIntClear
00004b73   UARTIntEnable
00004b61   UARTIntStatus
00003c89   UARTSend
00004b09   _Dclass
000045a1   _Dtest
200037fc   __STACK_END
00000f00   __STACK_SIZE
200029fc   __STACK_TOP
00000f00   __SYSMEM_SIZE
00005088   __TI_CINIT_Base
00005098   __TI_CINIT_Limit
00005074   __TI_Handler_Table_Base
00005080   __TI_Handler_Table_Limit
00000001   __TI_args_main
00003f49   __TI_auto_init
00004afb   __TI_decompress_none
00004b8d   __TI_decompress_rle24
00000000   __TI_static_base__
00004a9f   __TI_zero_init
0000406f   __aeabi_cdcmpeq
0000406f   __aeabi_cdcmple
000042ad   __aeabi_cfcmpeq
000042ad   __aeabi_cfcmple
000044c9   __aeabi_d2f
00004513   __aeabi_d2iz
000031e7   __aeabi_dadd
00003635   __aeabi_ddiv
000039ad   __aeabi_dmul
000031dd   __aeabi_dsub
000046a9   __aeabi_f2d
000046e1   __aeabi_f2iz
00004785   __aeabi_f2uiz
00003aad   __aeabi_fadd
00003fdd   __aeabi_fdiv
000040ed   __aeabi_fmul
00003aa9   __aeabi_fsub
000047e9   __aeabi_i2d
00004719   __aeabi_i2f
000049a1   __aeabi_lmul
00004167   __aeabi_memclr
00004167   __aeabi_memclr4
00004167   __aeabi_memclr8
00003ead   __aeabi_memcpy
00003ead   __aeabi_memcpy4
00003ead   __aeabi_memcpy8
00004169   __aeabi_memset
00004169   __aeabi_memset4
00004169   __aeabi_memset8
000048f5   __aeabi_ui2d
0000486d   __aeabi_ui2f
00002c65   __aeabi_uldivmod
ffffffff   __binit__
ffffffff   __c_args__
200028fc   __stack
00004989   _args_main
00004751   _c_int00
200047bc   _cleanup_ptr
00004d78   _ctypes_
200047c0   _dtors_ptr
200047b4   _lock
00004a07   _nop
00000c63   _printfi
000049ff   _register_lock
000049f9   _register_unlock
20003800   _sys_memory
200047b8   _unlock
0000466d   abort
20004708   accel
2000470c   accel1
20004710   accel2
0000447d   atoi
ffffffff   binit
20004734   buff
00002a0d   buttonPress
00002789   changeDutyPWM
00002823   changeFrequrencyPWM
0000397d   convert2Value
00002909   convert2duty
0000455d   copy_in
200047c4   count
00001c11   displayGui
00002043   displayMotion
200047d0   duty_cycle
00004675   exit
00000000   g_pfnVectors
200047a4   grade
2000472c   grade_old
000038b1   initADC
00002c11   initButton
00001bf3   initGui
0000268d   initPWM
00003d03   initUART
00004425   ltoa
00003395   main
200047cc   main_func_sp
0000496d   memccpy
000048b3   memcmp
00003ead   memcpy
0000416f   memset
0000301d   pvPortMalloc
20004768   pxCurrentTCB
00003ba5   pxPortInitialiseStack
00003899   readADC
200047a0   ridenum
20004728   ridenum_old
2000479c   roadtype
20004724   roadtype_old
200047a8   select
20004730   select_old
0000430d   sprintf
00003965   startADC
0000286f   startPWM
20004714   state
20004718   state1
2000471c   state_old
00003971   stopADC
000028ad   stopPWM
00004a0d   strlen
000047b9   strncpy
20004704   testValue
20004720   testValue_old
00001bf1   updateGui
00001607   uxTaskGetNumberOfTasks
00001215   uxTaskPriorityGet
000034a7   vApplicationIdleHook
0000349b   vApplicationMallocFailedHook
0000349d   vApplicationStackOverflowHook
000034a9   vApplicationTickHook
0000376b   vListInitialise
0000379b   vListInitialiseItem
000037ef   vListInsert
000037ab   vListInsertEnd
00003855   vListRemove
00003485   vPollButtonFunction
00003e5d   vPortClearInterruptMask
00003e9b   vPortEnableVFP
00003c15   vPortEndScheduler
00003c21   vPortEnterCritical
00003c31   vPortExitCritical
0000314f   vPortFree
000031b9   vPortInitialiseBlocks
00003e6b   vPortSVCHandler
00003e4f   vPortSetInterruptMask
00003e89   vPortStartFirstTask
00003c17   vPortYieldFromISR
00003415   vSendStatusFunction
000011a1   vTaskDelay
000010e9   vTaskDelayUntil
00001081   vTaskDelete
00001505   vTaskEndScheduler
00003459   vTaskFunction
00001611   vTaskIncrementTick
0000191d   vTaskMissedYield
00001789   vTaskPlaceOnEventList
00001b61   vTaskPriorityDisinherit
00001ad9   vTaskPriorityInherit
0000124d   vTaskPrioritySet
000013d1   vTaskResume
00001887   vTaskSetTimeOutState
000014b9   vTaskStartScheduler
0000132d   vTaskSuspend
00001517   vTaskSuspendAll
000016d5   vTaskSwitchContext
0000346f   vUpdateGUIFunction
00002041   wusGui
20004700   x
000031b3   xPortGetFreeHeapSize
00003e15   xPortPendSVHandler
00003bed   xPortStartScheduler
00003c47   xPortSysTickHandler
000018a9   xTaskCheckForTimeOut
00000f6d   xTaskGenericCreate
00001ac5   xTaskGetCurrentTaskHandle
000015f3   xTaskGetTickCount
00001389   xTaskIsTaskSuspended
00001809   xTaskRemoveFromEventList
00001529   xTaskResumeAll
00001445   xTaskResumeFromISR


GLOBAL SYMBOLS: SORTED BY Symbol Address 

address    name
--------   ----
00000000   __TI_static_base__
00000000   g_pfnVectors
00000001   __TI_args_main
00000c63   _printfi
00000f00   __STACK_SIZE
00000f00   __SYSMEM_SIZE
00000f6d   xTaskGenericCreate
00001081   vTaskDelete
000010e9   vTaskDelayUntil
000011a1   vTaskDelay
00001215   uxTaskPriorityGet
0000124d   vTaskPrioritySet
0000132d   vTaskSuspend
00001389   xTaskIsTaskSuspended
000013d1   vTaskResume
00001445   xTaskResumeFromISR
000014b9   vTaskStartScheduler
00001505   vTaskEndScheduler
00001517   vTaskSuspendAll
00001529   xTaskResumeAll
000015f3   xTaskGetTickCount
00001607   uxTaskGetNumberOfTasks
00001611   vTaskIncrementTick
000016d5   vTaskSwitchContext
00001789   vTaskPlaceOnEventList
00001809   xTaskRemoveFromEventList
00001887   vTaskSetTimeOutState
000018a9   xTaskCheckForTimeOut
0000191d   vTaskMissedYield
00001ac5   xTaskGetCurrentTaskHandle
00001ad9   vTaskPriorityInherit
00001b61   vTaskPriorityDisinherit
00001bf1   updateGui
00001bf3   initGui
00001c11   displayGui
00002041   wusGui
00002043   displayMotion
00002285   RIT128x96x4Clear
000022f1   RIT128x96x4StringDraw
00002421   RIT128x96x4ImageDraw
000024bd   RIT128x96x4Enable
00002517   RIT128x96x4Disable
00002585   RIT128x96x4Init
00002625   RIT128x96x4DisplayOn
00002659   RIT128x96x4DisplayOff
0000268d   initPWM
00002789   changeDutyPWM
00002823   changeFrequrencyPWM
0000286f   startPWM
000028ad   stopPWM
00002909   convert2duty
00002a0d   buttonPress
00002c11   initButton
00002c65   __aeabi_uldivmod
00002e59   SysCtlClockGet
0000301d   pvPortMalloc
0000314f   vPortFree
000031b3   xPortGetFreeHeapSize
000031b9   vPortInitialiseBlocks
000031dd   __aeabi_dsub
000031e7   __aeabi_dadd
00003395   main
00003415   vSendStatusFunction
00003459   vTaskFunction
0000346f   vUpdateGUIFunction
00003485   vPollButtonFunction
0000349b   vApplicationMallocFailedHook
0000349d   vApplicationStackOverflowHook
000034a7   vApplicationIdleHook
000034a9   vApplicationTickHook
000034f5   SysCtlClockSet
00003635   __aeabi_ddiv
0000376b   vListInitialise
0000379b   vListInitialiseItem
000037ab   vListInsertEnd
000037ef   vListInsert
00003855   vListRemove
00003899   readADC
000038b1   initADC
00003965   startADC
00003971   stopADC
0000397d   convert2Value
000039ad   __aeabi_dmul
00003aa9   __aeabi_fsub
00003aad   __aeabi_fadd
00003ba5   pxPortInitialiseStack
00003bed   xPortStartScheduler
00003c15   vPortEndScheduler
00003c17   vPortYieldFromISR
00003c21   vPortEnterCritical
00003c31   vPortExitCritical
00003c47   xPortSysTickHandler
00003c89   UARTSend
00003cb1   UART1IntHandler
00003d03   initUART
00003d59   GPIOPadConfigSet
00003e15   xPortPendSVHandler
00003e4f   vPortSetInterruptMask
00003e5d   vPortClearInterruptMask
00003e6b   vPortSVCHandler
00003e89   vPortStartFirstTask
00003e9b   vPortEnableVFP
00003ead   __aeabi_memcpy
00003ead   __aeabi_memcpy4
00003ead   __aeabi_memcpy8
00003ead   memcpy
00003f49   __TI_auto_init
00003fdd   __aeabi_fdiv
0000406f   __aeabi_cdcmpeq
0000406f   __aeabi_cdcmple
000040ed   __aeabi_fmul
00004167   __aeabi_memclr
00004167   __aeabi_memclr4
00004167   __aeabi_memclr8
00004169   __aeabi_memset
00004169   __aeabi_memset4
00004169   __aeabi_memset8
0000416f   memset
000041df   ADCSequenceStepConfigure
0000424d   IntEnable
000042ad   __aeabi_cfcmpeq
000042ad   __aeabi_cfcmple
0000430d   sprintf
000043cd   SysCtlPeripheralEnable
00004425   ltoa
0000447d   atoi
000044c9   __aeabi_d2f
00004513   __aeabi_d2iz
0000455d   copy_in
000045a1   _Dtest
000045e5   SSIConfigSetExpClk
00004627   UARTConfigSetExpClk
00004669   C$$EXIT
0000466d   abort
00004675   exit
000046a9   __aeabi_f2d
000046e1   __aeabi_f2iz
00004719   __aeabi_i2f
00004751   _c_int00
00004785   __aeabi_f2uiz
000047b9   strncpy
000047e9   __aeabi_i2d
00004817   ADCSequenceConfigure
00004843   GPIODirModeSet
0000486d   __aeabi_ui2f
00004891   PWMGenConfigure
000048b3   memcmp
000048d5   SysCtlADCSpeedSet
000048f5   __aeabi_ui2d
00004915   ADCSequenceDataGet
00004933   PWMPulseWidthSet
00004951   UARTDisable
0000496d   memccpy
00004989   _args_main
000049a1   __aeabi_lmul
000049b9   ADCProcessorTrigger
000049cf   ADCHardwareOversampleConfigure
000049e3   UARTEnable
000049f9   _register_unlock
000049ff   _register_lock
00004a07   _nop
00004a0d   strlen
00004a21   GPIOPinTypeADC
00004a33   GPIOPinTypeGPIOOutput
00004a45   GPIOPinTypePWM
00004a57   GPIOPinTypeSSI
00004a69   GPIOPinTypeUART
00004a7b   PWMOutputState
00004a8d   SSIDataGetNonBlocking
00004a9f   __TI_zero_init
00004ab1   ADCIntEnable
00004ac1   PWMGenPeriodSet
00004ad1   ADCSequenceDisable
00004adf   ADCSequenceEnable
00004aed   UARTCharGetNonBlocking
00004afb   __TI_decompress_none
00004b09   _Dclass
00004b17   UARTCharsAvail
00004b23   ResetISR
00004b2f   PWMGenEnable
00004b39   SSIDataPut
00004b43   SSIDisable
00004b4d   SSIEnable
00004b57   UARTCharPut
00004b61   UARTIntStatus
00004b6b   SSIBusy
00004b73   UARTIntEnable
00004b7b   GPIOPinRead
00004b81   GPIOPinWrite
00004b87   SysCtlDelay
00004b8d   __TI_decompress_rle24
00004b93   UARTIntClear
00004d78   _ctypes_
00005074   __TI_Handler_Table_Base
00005080   __TI_Handler_Table_Limit
00005088   __TI_CINIT_Base
00005098   __TI_CINIT_Limit
200028fc   __stack
200029fc   __STACK_TOP
200037fc   __STACK_END
20003800   _sys_memory
20004700   x
20004704   testValue
20004708   accel
2000470c   accel1
20004710   accel2
20004714   state
20004718   state1
2000471c   state_old
20004720   testValue_old
20004724   roadtype_old
20004728   ridenum_old
2000472c   grade_old
20004730   select_old
20004734   buff
20004768   pxCurrentTCB
2000479c   roadtype
200047a0   ridenum
200047a4   grade
200047a8   select
200047b4   _lock
200047b8   _unlock
200047bc   _cleanup_ptr
200047c0   _dtors_ptr
200047c4   count
200047cc   main_func_sp
200047d0   duty_cycle
ffffffff   __binit__
ffffffff   __c_args__
ffffffff   binit
UNDEFED    SHT$$INIT_ARRAY$$Base
UNDEFED    SHT$$INIT_ARRAY$$Limit

[232 symbols]
