******************************************************************************
                  TI ARM Linker PC v5.0.1                      
******************************************************************************
>> Linked Thu Oct 16 07:55:43 2014

OUTPUT FILE NAME:   <ENCE463_WUS_v1.out>
ENTRY POINT SYMBOL: "_c_int00"  address: 0000404d


MEMORY CONFIGURATION

         name            origin    length      used     unused   attr    fill
----------------------  --------  ---------  --------  --------  ----  --------
  FLASH                 00000000   00040000  0000494c  0003b6b4  R  X
  SRAM                  20000000   00010000  00004796  0000b86a  RW X


SEGMENT ALLOCATION MAP

run origin  load origin   length   init length attrs members
----------  ----------- ---------- ----------- ----- -------
00000000    00000000    00004950   00004950    r-x
  00000000    00000000    000000f0   000000f0    r-- .intvecs
  000000f0    000000f0    000043a2   000043a2    r-x .text
  00004494    00004494    00000472   00000472    r-- .const
  00004908    00004908    00000048   00000048    r-- .cinit
20000000    20000000    00004700   00000000    rw-
  20000000    20000000    000028fc   00000000    rw- .bss
  200028fc    200028fc    00000f00   00000000    rw- .stack
  20003800    20003800    00000f00   00000000    rw- .sysmem
20004700    20004700    0000009a   0000009a    rw-
  20004700    20004700    0000009a   0000009a    rw- .data


SECTION ALLOCATION MAP

 output                                  attributes/
section   page    origin      length       input sections
--------  ----  ----------  ----------   ----------------
.intvecs   0    00000000    000000f0     
                  00000000    000000f0     startup_ccs.obj (.intvecs)

.text      0    000000f0    000043a2     
                  000000f0    00000e7a     rtsv7M3_T_le_eabi.lib : _printfi.obj (.text)
                  00000f6a    00000002     --HOLE-- [fill = 0]
                  00000f6c    00000c84     tasks.obj (.text)
                  00001bf0    00000510     rit128x96x4.obj (.text)
                  00002100    00000380     PWM.obj (.text)
                  00002480    000001f4     rtsv7M3_T_le_eabi.lib : ull_div_t2.obj (.text)
                  00002674    000001c4     driverlib-cm3.lib : sysctl.obj (.text:SysCtlClockGet)
                  00002838    000001c0     heap_2.obj (.text)
                  000029f8    000001b6     rtsv7M3_T_le_eabi.lib : fd_add_t2.obj (.text)
                  00002bae    00000002     --HOLE-- [fill = 0]
                  00002bb0    00000184     button.obj (.text)
                  00002d34    00000174     WUSgui.obj (.text)
                  00002ea8    00000140     driverlib-cm3.lib : sysctl.obj (.text:SysCtlClockSet)
                  00002fe8    00000136     rtsv7M3_T_le_eabi.lib : fd_div_t2.obj (.text)
                  0000311e    0000012e     list.obj (.text)
                  0000324c    00000114     ADC.obj (.text)
                  00003360    000000fc     rtsv7M3_T_le_eabi.lib : fd_mul_t2.obj (.text)
                  0000345c    000000e4     port.obj (.text)
                  00003540    000000dc     main.obj (.text)
                  0000361c    000000d0     messages.obj (.text)
                  000036ec    000000b8     driverlib-cm3.lib : gpio.obj (.text:GPIOPadConfigSet)
                  000037a4    0000009c     portasm.obj (.text)
                  00003840    0000009c     rtsv7M3_T_le_eabi.lib : memcpy_t2.obj (.text)
                  000038dc    00000094                           : auto_init.obj (.text)
                  00003970    00000092                           : fs_div_t2.obj (.text)
                  00003a02    0000007e                           : fd_cmp_t2.obj (.text)
                  00003a80    0000007a                           : fs_mul_t2.obj (.text)
                  00003afa    00000078                           : memset_t2.obj (.text)
                  00003b72    0000006e     driverlib-cm3.lib : adc.obj (.text:ADCSequenceStepConfigure)
                  00003be0    00000060                       : interrupt.obj (.text:IntEnable)
                  00003c40    00000060     rtsv7M3_T_le_eabi.lib : sprintf.obj (.text)
                  00003ca0    0000005e                           : copy_decompress_rle.obj (.text)
                  00003cfe    00000002     --HOLE-- [fill = 0]
                  00003d00    00000058     driverlib-cm3.lib : sysctl.obj (.text:SysCtlPeripheralEnable)
                  00003d58    00000056     rtsv7M3_T_le_eabi.lib : ltoa.obj (.text)
                  00003dae    00000002     --HOLE-- [fill = 0]
                  00003db0    0000004c                           : atoi.obj (.text)
                  00003dfc    0000004a                           : fd_tos_t2.obj (.text)
                  00003e46    00000048                           : fd_toi_t2.obj (.text)
                  00003e8e    00000002     --HOLE-- [fill = 0]
                  00003e90    00000044                           : cpy_tbl.obj (.text)
                  00003ed4    00000044                           : xdtest.obj (.text)
                  00003f18    00000042     driverlib-cm3.lib : ssi.obj (.text:SSIConfigSetExpClk)
                  00003f5a    00000040                       : uart.obj (.text:UARTConfigSetExpClk)
                  00003f9a    00000002     --HOLE-- [fill = 0]
                  00003f9c    00000040     rtsv7M3_T_le_eabi.lib : exit.obj (.text)
                  00003fdc    00000038                           : fs_toi_t2.obj (.text)
                  00004014    00000038                           : i_tofs_t2.obj (.text)
                  0000404c    00000034                           : boot.obj (.text)
                  00004080    00000034                           : fs_tou_t2.obj (.text)
                  000040b4    00000030                           : strncpy.obj (.text)
                  000040e4    0000002e                           : i_tofd_t2.obj (.text)
                  00004112    0000002c     driverlib-cm3.lib : adc.obj (.text:ADCSequenceConfigure)
                  0000413e    0000002a                       : gpio.obj (.text:GPIODirModeSet)
                  00004168    00000024     rtsv7M3_T_le_eabi.lib : u_tofs_t2.obj (.text)
                  0000418c    00000022     driverlib-cm3.lib : pwm.obj (.text:PWMGenConfigure)
                  000041ae    00000022     rtsv7M3_T_le_eabi.lib : memcmp.obj (.text)
                  000041d0    00000020     driverlib-cm3.lib : sysctl.obj (.text:SysCtlADCSpeedSet)
                  000041f0    00000020     rtsv7M3_T_le_eabi.lib : u_tofd_t2.obj (.text)
                  00004210    0000001e     driverlib-cm3.lib : adc.obj (.text:ADCSequenceDataGet)
                  0000422e    0000001e                       : pwm.obj (.text:PWMPulseWidthSet)
                  0000424c    0000001c                       : uart.obj (.text:UARTDisable)
                  00004268    0000001a     rtsv7M3_T_le_eabi.lib : memccpy.obj (.text)
                  00004282    00000002     --HOLE-- [fill = 0]
                  00004284    00000018                           : args_main.obj (.text)
                  0000429c    00000018                           : ll_mul_t2.obj (.text)
                  000042b4    00000016     driverlib-cm3.lib : adc.obj (.text:ADCProcessorTrigger)
                  000042ca    00000014                       : adc.obj (.text:ADCHardwareOversampleConfigure)
                  000042de    00000014                       : uart.obj (.text:UARTEnable)
                  000042f2    00000002     --HOLE-- [fill = 0]
                  000042f4    00000014     rtsv7M3_T_le_eabi.lib : _lock.obj (.text)
                  00004308    00000014                           : strlen.obj (.text)
                  0000431c    00000012     driverlib-cm3.lib : gpio.obj (.text:GPIOPinTypeADC)
                  0000432e    00000012                       : gpio.obj (.text:GPIOPinTypeGPIOOutput)
                  00004340    00000012                       : gpio.obj (.text:GPIOPinTypePWM)
                  00004352    00000012                       : gpio.obj (.text:GPIOPinTypeSSI)
                  00004364    00000012                       : gpio.obj (.text:GPIOPinTypeUART)
                  00004376    00000012                       : pwm.obj (.text:PWMOutputState)
                  00004388    00000012                       : ssi.obj (.text:SSIDataGetNonBlocking)
                  0000439a    00000012     rtsv7M3_T_le_eabi.lib : copy_zero_init.obj (.text:decompress:ZI)
                  000043ac    00000010     driverlib-cm3.lib : adc.obj (.text:ADCIntEnable)
                  000043bc    00000010                       : pwm.obj (.text:PWMGenPeriodSet)
                  000043cc    0000000e                       : adc.obj (.text:ADCSequenceDisable)
                  000043da    0000000e                       : adc.obj (.text:ADCSequenceEnable)
                  000043e8    0000000e                       : uart.obj (.text:UARTCharGetNonBlocking)
                  000043f6    0000000e     rtsv7M3_T_le_eabi.lib : copy_decompress_none.obj (.text:decompress:none)
                  00004404    0000000e                           : xdclass.obj (.text)
                  00004412    0000000c     driverlib-cm3.lib : uart.obj (.text:UARTCharsAvail)
                  0000441e    0000000c     startup_ccs.obj (.text)
                  0000442a    0000000a     driverlib-cm3.lib : pwm.obj (.text:PWMGenEnable)
                  00004434    0000000a                       : ssi.obj (.text:SSIDataPut)
                  0000443e    0000000a                       : ssi.obj (.text:SSIDisable)
                  00004448    0000000a                       : ssi.obj (.text:SSIEnable)
                  00004452    0000000a                       : uart.obj (.text:UARTCharPut)
                  0000445c    0000000a                       : uart.obj (.text:UARTIntStatus)
                  00004466    00000008                       : ssi.obj (.text:SSIBusy)
                  0000446e    00000008                       : uart.obj (.text:UARTIntEnable)
                  00004476    00000006                       : gpio.obj (.text:GPIOPinRead)
                  0000447c    00000006                       : gpio.obj (.text:GPIOPinWrite)
                  00004482    00000006                       : sysctl.obj (.text:SysCtlDelay)
                  00004488    00000006     rtsv7M3_T_le_eabi.lib : copy_decompress_rle.obj (.text:decompress:rle24)
                  0000448e    00000004     driverlib-cm3.lib : uart.obj (.text:UARTIntClear)

.const     0    00004494    00000472     
                  00004494    000001e0     rit128x96x4.obj (.const:g_pucFont)
                  00004674    00000101     rtsv7M3_T_le_eabi.lib : ctype.obj (.const:.string:_ctypes_)
                  00004775    00000003     --HOLE-- [fill = 0]
                  00004778    00000070     driverlib-cm3.lib : interrupt.obj (.const)
                  000047e8    0000006c                       : sysctl.obj (.const:g_pulXtals)
                  00004854    0000004f     rit128x96x4.obj (.const:.string:g_pucRIT128x96x4Init)
                  000048a3    00000001     --HOLE-- [fill = 0]
                  000048a4    00000040     driverlib-cm3.lib : sysctl.obj (.const)
                  000048e4    00000014     tasks.obj (.const:.string)
                  000048f8    0000000c     rit128x96x4.obj (.const:.string)
                  00004904    00000002     heap_2.obj (.const)

.cinit     0    00004908    00000048     
                  00004908    00000022     (.cinit..data.load) [load image, compression = rle]
                  0000492a    00000002     --HOLE-- [fill = 0]
                  0000492c    0000000c     (__TI_handler_table)
                  00004938    00000008     (.cinit..bss.load) [load image, compression = zero_init]
                  00004940    00000010     (__TI_cinit_table)

.bss       0    20000000    000028fc     UNINITIALIZED
                  20000000    00002800     heap_2.obj (.bss:xHeap)
                  20002800    0000006c     tasks.obj (.bss)
                  2000286c    00000064     tasks.obj (.bss:pxReadyTasksLists)
                  200028d0    00000010     ADC.obj (.bss)
                  200028e0    00000010     heap_2.obj (.bss)
                  200028f0    0000000c     rit128x96x4.obj (.bss)

.stack     0    200028fc    00000f00     UNINITIALIZED
                  200028fc    00000f00     --HOLE--

.sysmem    0    20003800    00000f00     UNINITIALIZED
                  20003800    00000008     rtsv7M3_T_le_eabi.lib : memory.obj (.sysmem)
                  20003808    00000ef8     --HOLE--

.data      0    20004700    0000009a     
                  20004700    00000032     messages.obj (.data:buff)
                  20004732    00000002     --HOLE--
                  20004734    00000030     tasks.obj (.data)
                  20004764    0000000c     WUSgui.obj (.data)
                  20004770    00000008     heap_2.obj (.data)
                  20004778    00000008     rtsv7M3_T_le_eabi.lib : _lock.obj (.data)
                  20004780    00000008                           : exit.obj (.data)
                  20004788    00000004     messages.obj (.data)
                  2000478c    00000004     port.obj (.data)
                  20004790    00000004     rtsv7M3_T_le_eabi.lib : stkdepth_vars.obj (.data)
                  20004794    00000003     button.obj (.data)
                  20004797    00000001     --HOLE--
                  20004798    00000002     PWM.obj (.data)


LINKER GENERATED COPY TABLES

__TI_cinit_table @ 00004940 records: 2, size/record: 8, table size: 16
	.data: load addr=00004908, load size=00000022 bytes, run addr=20004700, run size=0000009a bytes, compression=rle
	.bss: load addr=00004938, load size=00000008 bytes, run addr=20000000, run size=000028fc bytes, compression=zero_init


LINKER GENERATED HANDLER TABLE

__TI_handler_table @ 0000492c records: 3, size/record: 4, table size: 12
	index: 0, handler: __TI_decompress_rle24
	index: 1, handler: __TI_decompress_none
	index: 2, handler: __TI_zero_init


GLOBAL SYMBOLS: SORTED ALPHABETICALLY BY Name 

address    name
--------   ----
000042cb   ADCHardwareOversampleConfigure
000043ad   ADCIntEnable
000042b5   ADCProcessorTrigger
00004113   ADCSequenceConfigure
00004211   ADCSequenceDataGet
000043cd   ADCSequenceDisable
000043db   ADCSequenceEnable
00003b73   ADCSequenceStepConfigure
00003f9d   C$$EXIT
0000413f   GPIODirModeSet
000036ed   GPIOPadConfigSet
00004477   GPIOPinRead
0000431d   GPIOPinTypeADC
0000432f   GPIOPinTypeGPIOOutput
00004341   GPIOPinTypePWM
00004353   GPIOPinTypeSSI
00004365   GPIOPinTypeUART
0000447d   GPIOPinWrite
00003be1   IntEnable
0000418d   PWMGenConfigure
0000442b   PWMGenEnable
000043bd   PWMGenPeriodSet
00004377   PWMOutputState
0000422f   PWMPulseWidthSet
00001cf9   RIT128x96x4Clear
00001f8b   RIT128x96x4Disable
000020cd   RIT128x96x4DisplayOff
00002099   RIT128x96x4DisplayOn
00001f31   RIT128x96x4Enable
00001e95   RIT128x96x4ImageDraw
00001ff9   RIT128x96x4Init
00001d65   RIT128x96x4StringDraw
0000441f   ResetISR
UNDEFED    SHT$$INIT_ARRAY$$Base
UNDEFED    SHT$$INIT_ARRAY$$Limit
00004467   SSIBusy
00003f19   SSIConfigSetExpClk
00004389   SSIDataGetNonBlocking
00004435   SSIDataPut
0000443f   SSIDisable
00004449   SSIEnable
000041d1   SysCtlADCSpeedSet
00002675   SysCtlClockGet
00002ea9   SysCtlClockSet
00004483   SysCtlDelay
00003d01   SysCtlPeripheralEnable
00003645   UART1IntHandler
000043e9   UARTCharGetNonBlocking
00004453   UARTCharPut
00004413   UARTCharsAvail
00003f5b   UARTConfigSetExpClk
0000424d   UARTDisable
000042df   UARTEnable
0000448f   UARTIntClear
0000446f   UARTIntEnable
0000445d   UARTIntStatus
0000361d   UARTSend
00004405   _Dclass
00003ed5   _Dtest
200037fc   __STACK_END
00000f00   __STACK_SIZE
200029fc   __STACK_TOP
00000f00   __SYSMEM_SIZE
00004940   __TI_CINIT_Base
00004950   __TI_CINIT_Limit
0000492c   __TI_Handler_Table_Base
00004938   __TI_Handler_Table_Limit
00000001   __TI_args_main
000038dd   __TI_auto_init
000043f7   __TI_decompress_none
00004489   __TI_decompress_rle24
00000000   __TI_static_base__
0000439b   __TI_zero_init
00003a03   __aeabi_cdcmpeq
00003a03   __aeabi_cdcmple
00003dfd   __aeabi_d2f
00003e47   __aeabi_d2iz
00002a03   __aeabi_dadd
00002fe9   __aeabi_ddiv
00003361   __aeabi_dmul
000029f9   __aeabi_dsub
00003fdd   __aeabi_f2iz
00004081   __aeabi_f2uiz
00003971   __aeabi_fdiv
00003a81   __aeabi_fmul
000040e5   __aeabi_i2d
00004015   __aeabi_i2f
0000429d   __aeabi_lmul
00003afb   __aeabi_memclr
00003afb   __aeabi_memclr4
00003afb   __aeabi_memclr8
00003841   __aeabi_memcpy
00003841   __aeabi_memcpy4
00003841   __aeabi_memcpy8
00003afd   __aeabi_memset
00003afd   __aeabi_memset4
00003afd   __aeabi_memset8
000041f1   __aeabi_ui2d
00004169   __aeabi_ui2f
00002481   __aeabi_uldivmod
ffffffff   __binit__
ffffffff   __c_args__
200028fc   __stack
00004285   _args_main
0000404d   _c_int00
20004780   _cleanup_ptr
00004674   _ctypes_
20004784   _dtors_ptr
20004778   _lock
00004303   _nop
00000c63   _printfi
000042fb   _register_lock
000042f5   _register_unlock
20003800   _sys_memory
2000477c   _unlock
00003fa1   abort
00003db1   atoi
ffffffff   binit
20004700   buff
00002bb1   buttonPress
000021fd   changeDutyPWM
00002297   changeFrequrencyPWM
00003331   convert2Value
0000237d   convert2duty
00003e91   copy_in
20004788   count
00002d4d   displayGui
00002e27   displayMotion
20004798   duty_cycle
00003fa9   exit
00000000   g_pfnVectors
00003265   initADC
00002cdf   initButton
00002d37   initGui
00002101   initPWM
00003697   initUART
00003d59   ltoa
00003541   main
20004790   main_func_sp
00004269   memccpy
000041af   memcmp
00003841   memcpy
00003b03   memset
00002839   pvPortMalloc
20004734   pxCurrentTCB
0000345d   pxPortInitialiseStack
0000324d   readADC
00003c41   sprintf
00003319   startADC
000022e3   startPWM
00003325   stopADC
00002321   stopPWM
00004309   strlen
000040b5   strncpy
20004768   testValue
2000476c   testValue_old
00002d35   updateGui
00001607   uxTaskGetNumberOfTasks
00001215   uxTaskPriorityGet
000035f3   vApplicationIdleHook
000035e7   vApplicationMallocFailedHook
000035e9   vApplicationStackOverflowHook
000035f5   vApplicationTickHook
0000311f   vListInitialise
0000314f   vListInitialiseItem
000031a3   vListInsert
0000315f   vListInsertEnd
00003209   vListRemove
000035d1   vPollButtonFunction
000037f1   vPortClearInterruptMask
0000382f   vPortEnableVFP
000034cd   vPortEndScheduler
000034d9   vPortEnterCritical
000034e9   vPortExitCritical
0000296b   vPortFree
000029d5   vPortInitialiseBlocks
000037ff   vPortSVCHandler
000037e3   vPortSetInterruptMask
0000381d   vPortStartFirstTask
000034cf   vPortYieldFromISR
000011a1   vTaskDelay
000010e9   vTaskDelayUntil
00001081   vTaskDelete
00001505   vTaskEndScheduler
000035a5   vTaskFunction
00001611   vTaskIncrementTick
0000191d   vTaskMissedYield
00001789   vTaskPlaceOnEventList
00001b61   vTaskPriorityDisinherit
00001ad9   vTaskPriorityInherit
0000124d   vTaskPrioritySet
000013d1   vTaskResume
00001887   vTaskSetTimeOutState
000014b9   vTaskStartScheduler
0000132d   vTaskSuspend
00001517   vTaskSuspendAll
000016d5   vTaskSwitchContext
000035bb   vUpdateGUIFunction
00002e25   wusGui
20004764   x
000029cf   xPortGetFreeHeapSize
000037a9   xPortPendSVHandler
000034a5   xPortStartScheduler
000034ff   xPortSysTickHandler
000018a9   xTaskCheckForTimeOut
00000f6d   xTaskGenericCreate
00001ac5   xTaskGetCurrentTaskHandle
000015f3   xTaskGetTickCount
00001389   xTaskIsTaskSuspended
00001809   xTaskRemoveFromEventList
00001529   xTaskResumeAll
00001445   xTaskResumeFromISR


GLOBAL SYMBOLS: SORTED BY Symbol Address 

address    name
--------   ----
00000000   __TI_static_base__
00000000   g_pfnVectors
00000001   __TI_args_main
00000c63   _printfi
00000f00   __STACK_SIZE
00000f00   __SYSMEM_SIZE
00000f6d   xTaskGenericCreate
00001081   vTaskDelete
000010e9   vTaskDelayUntil
000011a1   vTaskDelay
00001215   uxTaskPriorityGet
0000124d   vTaskPrioritySet
0000132d   vTaskSuspend
00001389   xTaskIsTaskSuspended
000013d1   vTaskResume
00001445   xTaskResumeFromISR
000014b9   vTaskStartScheduler
00001505   vTaskEndScheduler
00001517   vTaskSuspendAll
00001529   xTaskResumeAll
000015f3   xTaskGetTickCount
00001607   uxTaskGetNumberOfTasks
00001611   vTaskIncrementTick
000016d5   vTaskSwitchContext
00001789   vTaskPlaceOnEventList
00001809   xTaskRemoveFromEventList
00001887   vTaskSetTimeOutState
000018a9   xTaskCheckForTimeOut
0000191d   vTaskMissedYield
00001ac5   xTaskGetCurrentTaskHandle
00001ad9   vTaskPriorityInherit
00001b61   vTaskPriorityDisinherit
00001cf9   RIT128x96x4Clear
00001d65   RIT128x96x4StringDraw
00001e95   RIT128x96x4ImageDraw
00001f31   RIT128x96x4Enable
00001f8b   RIT128x96x4Disable
00001ff9   RIT128x96x4Init
00002099   RIT128x96x4DisplayOn
000020cd   RIT128x96x4DisplayOff
00002101   initPWM
000021fd   changeDutyPWM
00002297   changeFrequrencyPWM
000022e3   startPWM
00002321   stopPWM
0000237d   convert2duty
00002481   __aeabi_uldivmod
00002675   SysCtlClockGet
00002839   pvPortMalloc
0000296b   vPortFree
000029cf   xPortGetFreeHeapSize
000029d5   vPortInitialiseBlocks
000029f9   __aeabi_dsub
00002a03   __aeabi_dadd
00002bb1   buttonPress
00002cdf   initButton
00002d35   updateGui
00002d37   initGui
00002d4d   displayGui
00002e25   wusGui
00002e27   displayMotion
00002ea9   SysCtlClockSet
00002fe9   __aeabi_ddiv
0000311f   vListInitialise
0000314f   vListInitialiseItem
0000315f   vListInsertEnd
000031a3   vListInsert
00003209   vListRemove
0000324d   readADC
00003265   initADC
00003319   startADC
00003325   stopADC
00003331   convert2Value
00003361   __aeabi_dmul
0000345d   pxPortInitialiseStack
000034a5   xPortStartScheduler
000034cd   vPortEndScheduler
000034cf   vPortYieldFromISR
000034d9   vPortEnterCritical
000034e9   vPortExitCritical
000034ff   xPortSysTickHandler
00003541   main
000035a5   vTaskFunction
000035bb   vUpdateGUIFunction
000035d1   vPollButtonFunction
000035e7   vApplicationMallocFailedHook
000035e9   vApplicationStackOverflowHook
000035f3   vApplicationIdleHook
000035f5   vApplicationTickHook
0000361d   UARTSend
00003645   UART1IntHandler
00003697   initUART
000036ed   GPIOPadConfigSet
000037a9   xPortPendSVHandler
000037e3   vPortSetInterruptMask
000037f1   vPortClearInterruptMask
000037ff   vPortSVCHandler
0000381d   vPortStartFirstTask
0000382f   vPortEnableVFP
00003841   __aeabi_memcpy
00003841   __aeabi_memcpy4
00003841   __aeabi_memcpy8
00003841   memcpy
000038dd   __TI_auto_init
00003971   __aeabi_fdiv
00003a03   __aeabi_cdcmpeq
00003a03   __aeabi_cdcmple
00003a81   __aeabi_fmul
00003afb   __aeabi_memclr
00003afb   __aeabi_memclr4
00003afb   __aeabi_memclr8
00003afd   __aeabi_memset
00003afd   __aeabi_memset4
00003afd   __aeabi_memset8
00003b03   memset
00003b73   ADCSequenceStepConfigure
00003be1   IntEnable
00003c41   sprintf
00003d01   SysCtlPeripheralEnable
00003d59   ltoa
00003db1   atoi
00003dfd   __aeabi_d2f
00003e47   __aeabi_d2iz
00003e91   copy_in
00003ed5   _Dtest
00003f19   SSIConfigSetExpClk
00003f5b   UARTConfigSetExpClk
00003f9d   C$$EXIT
00003fa1   abort
00003fa9   exit
00003fdd   __aeabi_f2iz
00004015   __aeabi_i2f
0000404d   _c_int00
00004081   __aeabi_f2uiz
000040b5   strncpy
000040e5   __aeabi_i2d
00004113   ADCSequenceConfigure
0000413f   GPIODirModeSet
00004169   __aeabi_ui2f
0000418d   PWMGenConfigure
000041af   memcmp
000041d1   SysCtlADCSpeedSet
000041f1   __aeabi_ui2d
00004211   ADCSequenceDataGet
0000422f   PWMPulseWidthSet
0000424d   UARTDisable
00004269   memccpy
00004285   _args_main
0000429d   __aeabi_lmul
000042b5   ADCProcessorTrigger
000042cb   ADCHardwareOversampleConfigure
000042df   UARTEnable
000042f5   _register_unlock
000042fb   _register_lock
00004303   _nop
00004309   strlen
0000431d   GPIOPinTypeADC
0000432f   GPIOPinTypeGPIOOutput
00004341   GPIOPinTypePWM
00004353   GPIOPinTypeSSI
00004365   GPIOPinTypeUART
00004377   PWMOutputState
00004389   SSIDataGetNonBlocking
0000439b   __TI_zero_init
000043ad   ADCIntEnable
000043bd   PWMGenPeriodSet
000043cd   ADCSequenceDisable
000043db   ADCSequenceEnable
000043e9   UARTCharGetNonBlocking
000043f7   __TI_decompress_none
00004405   _Dclass
00004413   UARTCharsAvail
0000441f   ResetISR
0000442b   PWMGenEnable
00004435   SSIDataPut
0000443f   SSIDisable
00004449   SSIEnable
00004453   UARTCharPut
0000445d   UARTIntStatus
00004467   SSIBusy
0000446f   UARTIntEnable
00004477   GPIOPinRead
0000447d   GPIOPinWrite
00004483   SysCtlDelay
00004489   __TI_decompress_rle24
0000448f   UARTIntClear
00004674   _ctypes_
0000492c   __TI_Handler_Table_Base
00004938   __TI_Handler_Table_Limit
00004940   __TI_CINIT_Base
00004950   __TI_CINIT_Limit
200028fc   __stack
200029fc   __STACK_TOP
200037fc   __STACK_END
20003800   _sys_memory
20004700   buff
20004734   pxCurrentTCB
20004764   x
20004768   testValue
2000476c   testValue_old
20004778   _lock
2000477c   _unlock
20004780   _cleanup_ptr
20004784   _dtors_ptr
20004788   count
20004790   main_func_sp
20004798   duty_cycle
ffffffff   __binit__
ffffffff   __c_args__
ffffffff   binit
UNDEFED    SHT$$INIT_ARRAY$$Base
UNDEFED    SHT$$INIT_ARRAY$$Limit

[212 symbols]
