******************************************************************************
                  TI ARM Linker PC v5.0.1                      
******************************************************************************
>> Linked Wed Oct 15 17:19:19 2014

OUTPUT FILE NAME:   <ENCE463_v1.out>
ENTRY POINT SYMBOL: "_c_int00"  address: 00003ebd


MEMORY CONFIGURATION

         name            origin    length      used     unused   attr    fill
----------------------  --------  ---------  --------  --------  ----  --------
  FLASH                 00000000   00040000  00004272  0003bd8e  R  X
  SRAM                  20000000   00010000  00003d10  0000c2f0  RW X


SEGMENT ALLOCATION MAP

run origin  load origin   length   init length attrs members
----------  ----------- ---------- ----------- ----- -------
00000000    00000000    00004278   00004278    r-x
  00000000    00000000    000000f0   000000f0    r-- .intvecs
  000000f0    000000f0    00003f90   00003f90    r-x .text
  00004080    00004080    00000142   00000142    r-- .const
  000041c8    000041c8    000000b0   000000b0    r-- .cinit
20000000    20000000    00003ae0   00000000    rw-
  20000000    20000000    00002adc   00000000    rw- .bss
  20002adc    20002adc    00000800   00000000    rw- .stack
  200032e0    200032e0    00000800   00000000    rw- .sysmem
20003ae0    20003ae0    00000234   00000234    rw-
  20003ae0    20003ae0    00000234   00000234    rw- .data


SECTION ALLOCATION MAP

 output                                  attributes/
section   page    origin      length       input sections
--------  ----  ----------  ----------   ----------------
.intvecs   0    00000000    000000f0     
                  00000000    000000f0     startup_ccs.obj (.intvecs)

.text      0    000000f0    00003f90     
                  000000f0    00000e7a     rtsv7M3_T_le_eabi.lib : _printfi.obj (.text)
                  00000f6a    00000002     --HOLE-- [fill = 0]
                  00000f6c    00000c84     tasks.obj (.text)
                  00001bf0    000003d8     rtsv7M3_T_le_eabi.lib : memory.obj (.text)
                  00001fc8    00000378                           : lowlev.obj (.text)
                  00002340    000002e4                           : trgdrv.obj (.text)
                  00002624    000001f4                           : ull_div_t2.obj (.text)
                  00002818    000001c0     heap_2.obj (.text)
                  000029d8    000001c0     rtsv7M3_T_le_eabi.lib : fopen.obj (.text)
                  00002b98    000001b6                           : fd_add_t2.obj (.text)
                  00002d4e    00000002     --HOLE-- [fill = 0]
                  00002d50    00000140     driverlib-cm3.lib : sysctl.obj (.text:SysCtlClockSet)
                  00002e90    00000136     rtsv7M3_T_le_eabi.lib : fd_div_t2.obj (.text)
                  00002fc6    00000002     --HOLE-- [fill = 0]
                  00002fc8    00000130                           : fputs.obj (.text)
                  000030f8    0000012e     list.obj (.text)
                  00003226    000000fc     rtsv7M3_T_le_eabi.lib : fd_mul_t2.obj (.text)
                  00003322    00000002     --HOLE-- [fill = 0]
                  00003324    000000e4     port.obj (.text)
                  00003408    000000cc     rtsv7M3_T_le_eabi.lib : setvbuf.obj (.text)
                  000034d4    000000ac     main.obj (.text)
                  00003580    000000ac     rtsv7M3_T_le_eabi.lib : _io_perm.obj (.text)
                  0000362c    000000a8                           : fflush.obj (.text)
                  000036d4    0000009c     portasm.obj (.text)
                  00003770    0000009c     rtsv7M3_T_le_eabi.lib : fputc.obj (.text)
                  0000380c    0000009c                           : memcpy_t2.obj (.text)
                  000038a8    00000094                           : auto_init.obj (.text)
                  0000393c    00000084                           : fclose.obj (.text)
                  000039c0    0000007e                           : fd_cmp_t2.obj (.text)
                  00003a3e    00000078                           : memset_t2.obj (.text)
                  00003ab6    00000002     --HOLE-- [fill = 0]
                  00003ab8    00000070                           : printf.obj (.text)
                  00003b28    00000064                           : fseek.obj (.text)
                  00003b8c    00000060     basic_io.obj (.text)
                  00003bec    00000060     rtsv7M3_T_le_eabi.lib : sprintf.obj (.text)
                  00003c4c    00000060                           : trgmsg.obj (.text)
                  00003cac    0000005e                           : copy_decompress_rle.obj (.text)
                  00003d0a    00000056                           : ltoa.obj (.text)
                  00003d60    0000004c                           : atoi.obj (.text)
                  00003dac    00000048                           : fd_toi_t2.obj (.text)
                  00003df4    00000044                           : cpy_tbl.obj (.text)
                  00003e38    00000044                           : xdtest.obj (.text)
                  00003e7c    00000040                           : exit.obj (.text)
                  00003ebc    00000034                           : boot.obj (.text)
                  00003ef0    00000030                           : strncpy.obj (.text)
                  00003f20    0000002e                           : i_tofd_t2.obj (.text)
                  00003f4e    00000022                           : memcmp.obj (.text)
                  00003f70    0000001a                           : memccpy.obj (.text)
                  00003f8a    00000002     --HOLE-- [fill = 0]
                  00003f8c    00000018                           : args_main.obj (.text)
                  00003fa4    00000018                           : ll_mul_t2.obj (.text)
                  00003fbc    00000018                           : strcmp.obj (.text)
                  00003fd4    00000016                           : memchr.obj (.text)
                  00003fea    00000016                           : strchr.obj (.text)
                  00004000    00000014                           : _lock.obj (.text)
                  00004014    00000014                           : strlen.obj (.text)
                  00004028    00000012                           : copy_zero_init.obj (.text:decompress:ZI)
                  0000403a    00000012                           : strcpy.obj (.text)
                  0000404c    0000000e                           : copy_decompress_none.obj (.text:decompress:none)
                  0000405a    0000000e                           : xdclass.obj (.text)
                  00004068    0000000c     startup_ccs.obj (.text)
                  00004074    00000006     driverlib-cm3.lib : sysctl.obj (.text:SysCtlDelay)
                  0000407a    00000006     rtsv7M3_T_le_eabi.lib : copy_decompress_rle.obj (.text:decompress:rle24)

.const     0    00004080    00000142     
                  00004080    00000101     rtsv7M3_T_le_eabi.lib : ctype.obj (.const:.string:_ctypes_)
                  00004181    00000003     --HOLE-- [fill = 0]
                  00004184    00000028     main.obj (.const:.string)
                  000041ac    00000014     tasks.obj (.const:.string)
                  000041c0    00000002     heap_2.obj (.const)

.cinit     0    000041c8    000000b0     
                  000041c8    0000008a     (.cinit..data.load) [load image, compression = rle]
                  00004252    00000002     --HOLE-- [fill = 0]
                  00004254    0000000c     (__TI_handler_table)
                  00004260    00000008     (.cinit..bss.load) [load image, compression = zero_init]
                  00004268    00000010     (__TI_cinit_table)

.bss       0    20000000    00002adc     UNINITIALIZED
                  20000000    00002800     heap_2.obj (.bss:xHeap)
                  20002800    00000120     rtsv7M3_T_le_eabi.lib : trgmsg.obj (.bss:__CIOBUF_)
                  20002920    000000a0                           : defs.obj (.bss:_tmpnams)
                  200029c0    0000006c     tasks.obj (.bss)
                  20002a2c    00000064     tasks.obj (.bss:pxReadyTasksLists)
                  20002a90    00000034     basic_io.obj (.bss:cBuffer)
                  20002ac4    00000010     heap_2.obj (.bss)
                  20002ad4    00000008     rtsv7M3_T_le_eabi.lib : trgdrv.obj (.bss)

.stack     0    20002adc    00000800     UNINITIALIZED
                  20002adc    00000800     --HOLE--

.sysmem    0    200032e0    00000800     UNINITIALIZED
                  200032e0    00000008     rtsv7M3_T_le_eabi.lib : memory.obj (.sysmem)
                  200032e8    000007f8     --HOLE--

.data      0    20003ae0    00000234     
                  20003ae0    000000f0     rtsv7M3_T_le_eabi.lib : defs.obj (.data:_ftable)
                  20003bd0    000000cc                           : lowlev.obj (.data)
                  20003c9c    00000030     tasks.obj (.data)
                  20003ccc    00000010     rtsv7M3_T_le_eabi.lib : defs.obj (.data)
                  20003cdc    0000000c                           : memory.obj (.data)
                  20003ce8    00000008     heap_2.obj (.data)
                  20003cf0    00000008     main.obj (.data)
                  20003cf8    00000008     rtsv7M3_T_le_eabi.lib : _lock.obj (.data)
                  20003d00    00000008                           : exit.obj (.data)
                  20003d08    00000004     port.obj (.data)
                  20003d0c    00000004     rtsv7M3_T_le_eabi.lib : fopen.obj (.data)
                  20003d10    00000004                           : stkdepth_vars.obj (.data)


LINKER GENERATED COPY TABLES

__TI_cinit_table @ 00004268 records: 2, size/record: 8, table size: 16
	.data: load addr=000041c8, load size=0000008a bytes, run addr=20003ae0, run size=00000234 bytes, compression=rle
	.bss: load addr=00004260, load size=00000008 bytes, run addr=20000000, run size=00002adc bytes, compression=zero_init


LINKER GENERATED HANDLER TABLE

__TI_handler_table @ 00004254 records: 3, size/record: 4, table size: 12
	index: 0, handler: __TI_decompress_rle24
	index: 1, handler: __TI_decompress_none
	index: 2, handler: __TI_zero_init


GLOBAL SYMBOLS: SORTED ALPHABETICALLY BY Name 

address    name
--------   ----
00003e7d   C$$EXIT
00003c77   C$$IO$$
000025d7   HOSTclock
0000259d   HOSTclose
0000255f   HOSTgetenv
00002503   HOSTlseek
000024b3   HOSTopen
00002465   HOSTread
00002405   HOSTrename
000023c9   HOSTtime
0000238f   HOSTunlink
00002341   HOSTwrite
00004069   ResetISR
UNDEFED    SHT$$INIT_ARRAY$$Base
UNDEFED    SHT$$INIT_ARRAY$$Limit
00002d51   SysCtlClockSet
00004075   SysCtlDelay
0000405b   _Dclass
00003e39   _Dtest
20002800   __CIOBUF_
200032dc   __STACK_END
00000800   __STACK_SIZE
20002bdc   __STACK_TOP
00000800   __SYSMEM_SIZE
00004268   __TI_CINIT_Base
00004278   __TI_CINIT_Limit
00004254   __TI_Handler_Table_Base
00004260   __TI_Handler_Table_Limit
00000001   __TI_args_main
000038a9   __TI_auto_init
0000404d   __TI_decompress_none
0000407b   __TI_decompress_rle24
00000000   __TI_static_base__
00004029   __TI_zero_init
000039c1   __aeabi_cdcmpeq
000039c1   __aeabi_cdcmple
00003dad   __aeabi_d2iz
00002ba3   __aeabi_dadd
00002e91   __aeabi_ddiv
00003227   __aeabi_dmul
00002b99   __aeabi_dsub
00003f21   __aeabi_i2d
00003fa5   __aeabi_lmul
00003a3f   __aeabi_memclr
00003a3f   __aeabi_memclr4
00003a3f   __aeabi_memclr8
0000380d   __aeabi_memcpy
0000380d   __aeabi_memcpy4
0000380d   __aeabi_memcpy8
00003a41   __aeabi_memset
00003a41   __aeabi_memset4
00003a41   __aeabi_memset8
20003cd8   __aeabi_stderr
20003cd0   __aeabi_stdin
20003cd4   __aeabi_stdout
00002625   __aeabi_uldivmod
ffffffff   __binit__
ffffffff   __c_args__
20002adc   __stack
00003f8d   _args_main
00003ebd   _c_int00
00002aa1   _cleanup
20003d00   _cleanup_ptr
0000393d   _closefile
00004080   _ctypes_
0000362d   _doflush
20003d04   _dtors_ptr
20003ccc   _ft_end
20003ae0   _ftable
20003cf8   _lock
0000400f   _nop
00000c63   _printfi
000035e3   _rd_ok
00004007   _register_lock
00004001   _register_unlock
200032e0   _sys_memory
20002920   _tmpnams
20003cfc   _unlock
00003581   _wrt_ok
00003e81   abort
000022ad   add_device
00003d61   atoi
ffffffff   binit
00001f89   calloc
00002259   close
00003df5   copy_in
00003e89   exit
00003997   fclose
00003679   fflush
00002af7   fopen
00003771   fputc
00002fc9   fputs
00001cdf   free
00002acd   freopen
00003b29   fseek
00000000   g_pfnVectors
0000220b   lseek
00003d0b   ltoa
000034d5   main
20003d10   main_func_sp
00001c7d   malloc
00001eb3   memalign
00003f71   memccpy
00003fd5   memchr
00003f4f   memcmp
0000380d   memcpy
00003a47   memset
00001bf1   minit
0000217f   open
20003cf0   pcTextForTask1
20003cf4   pcTextForTask2
00003ac1   printf
000037f7   putc
000037fb   putchar
000030cf   puts
00002819   pvPortMalloc
20003c9c   pxCurrentTCB
00003325   pxPortInitialiseStack
00002107   read
00003c7b   readmsg
00001da9   realloc
0000207f   remove
000020df   remove_device
000020a3   rename
00003409   setvbuf
00003bed   sprintf
00003feb   strchr
00003fbd   strcmp
0000403b   strcpy
00004015   strlen
00003ef1   strncpy
0000207f   unlink
00001607   uxTaskGetNumberOfTasks
00001215   uxTaskPriorityGet
00003559   vApplicationIdleHook
0000354d   vApplicationMallocFailedHook
0000354f   vApplicationStackOverflowHook
0000355b   vApplicationTickHook
000030f9   vListInitialise
00003129   vListInitialiseItem
0000317d   vListInsert
00003139   vListInsertEnd
000031e3   vListRemove
00003721   vPortClearInterruptMask
0000375f   vPortEnableVFP
00003395   vPortEndScheduler
000033a1   vPortEnterCritical
000033b1   vPortExitCritical
0000294b   vPortFree
000029b5   vPortInitialiseBlocks
0000372f   vPortSVCHandler
00003713   vPortSetInterruptMask
0000374d   vPortStartFirstTask
00003397   vPortYieldFromISR
00003b8d   vPrintString
00003bb1   vPrintStringAndNumber
000011a1   vTaskDelay
000010e9   vTaskDelayUntil
00001081   vTaskDelete
00001505   vTaskEndScheduler
00003523   vTaskFunction
00001611   vTaskIncrementTick
0000191d   vTaskMissedYield
00001789   vTaskPlaceOnEventList
00001b61   vTaskPriorityDisinherit
00001ad9   vTaskPriorityInherit
0000124d   vTaskPrioritySet
000013d1   vTaskResume
00001887   vTaskSetTimeOutState
000014b9   vTaskStartScheduler
0000132d   vTaskSuspend
00001517   vTaskSuspendAll
000016d5   vTaskSwitchContext
00001fc9   write
00003c4d   writemsg
000029af   xPortGetFreeHeapSize
000036d9   xPortPendSVHandler
0000336d   xPortStartScheduler
000033c7   xPortSysTickHandler
000018a9   xTaskCheckForTimeOut
00000f6d   xTaskGenericCreate
00001ac5   xTaskGetCurrentTaskHandle
000015f3   xTaskGetTickCount
00001389   xTaskIsTaskSuspended
00001809   xTaskRemoveFromEventList
00001529   xTaskResumeAll
00001445   xTaskResumeFromISR


GLOBAL SYMBOLS: SORTED BY Symbol Address 

address    name
--------   ----
00000000   __TI_static_base__
00000000   g_pfnVectors
00000001   __TI_args_main
00000800   __STACK_SIZE
00000800   __SYSMEM_SIZE
00000c63   _printfi
00000f6d   xTaskGenericCreate
00001081   vTaskDelete
000010e9   vTaskDelayUntil
000011a1   vTaskDelay
00001215   uxTaskPriorityGet
0000124d   vTaskPrioritySet
0000132d   vTaskSuspend
00001389   xTaskIsTaskSuspended
000013d1   vTaskResume
00001445   xTaskResumeFromISR
000014b9   vTaskStartScheduler
00001505   vTaskEndScheduler
00001517   vTaskSuspendAll
00001529   xTaskResumeAll
000015f3   xTaskGetTickCount
00001607   uxTaskGetNumberOfTasks
00001611   vTaskIncrementTick
000016d5   vTaskSwitchContext
00001789   vTaskPlaceOnEventList
00001809   xTaskRemoveFromEventList
00001887   vTaskSetTimeOutState
000018a9   xTaskCheckForTimeOut
0000191d   vTaskMissedYield
00001ac5   xTaskGetCurrentTaskHandle
00001ad9   vTaskPriorityInherit
00001b61   vTaskPriorityDisinherit
00001bf1   minit
00001c7d   malloc
00001cdf   free
00001da9   realloc
00001eb3   memalign
00001f89   calloc
00001fc9   write
0000207f   remove
0000207f   unlink
000020a3   rename
000020df   remove_device
00002107   read
0000217f   open
0000220b   lseek
00002259   close
000022ad   add_device
00002341   HOSTwrite
0000238f   HOSTunlink
000023c9   HOSTtime
00002405   HOSTrename
00002465   HOSTread
000024b3   HOSTopen
00002503   HOSTlseek
0000255f   HOSTgetenv
0000259d   HOSTclose
000025d7   HOSTclock
00002625   __aeabi_uldivmod
00002819   pvPortMalloc
0000294b   vPortFree
000029af   xPortGetFreeHeapSize
000029b5   vPortInitialiseBlocks
00002aa1   _cleanup
00002acd   freopen
00002af7   fopen
00002b99   __aeabi_dsub
00002ba3   __aeabi_dadd
00002d51   SysCtlClockSet
00002e91   __aeabi_ddiv
00002fc9   fputs
000030cf   puts
000030f9   vListInitialise
00003129   vListInitialiseItem
00003139   vListInsertEnd
0000317d   vListInsert
000031e3   vListRemove
00003227   __aeabi_dmul
00003325   pxPortInitialiseStack
0000336d   xPortStartScheduler
00003395   vPortEndScheduler
00003397   vPortYieldFromISR
000033a1   vPortEnterCritical
000033b1   vPortExitCritical
000033c7   xPortSysTickHandler
00003409   setvbuf
000034d5   main
00003523   vTaskFunction
0000354d   vApplicationMallocFailedHook
0000354f   vApplicationStackOverflowHook
00003559   vApplicationIdleHook
0000355b   vApplicationTickHook
00003581   _wrt_ok
000035e3   _rd_ok
0000362d   _doflush
00003679   fflush
000036d9   xPortPendSVHandler
00003713   vPortSetInterruptMask
00003721   vPortClearInterruptMask
0000372f   vPortSVCHandler
0000374d   vPortStartFirstTask
0000375f   vPortEnableVFP
00003771   fputc
000037f7   putc
000037fb   putchar
0000380d   __aeabi_memcpy
0000380d   __aeabi_memcpy4
0000380d   __aeabi_memcpy8
0000380d   memcpy
000038a9   __TI_auto_init
0000393d   _closefile
00003997   fclose
000039c1   __aeabi_cdcmpeq
000039c1   __aeabi_cdcmple
00003a3f   __aeabi_memclr
00003a3f   __aeabi_memclr4
00003a3f   __aeabi_memclr8
00003a41   __aeabi_memset
00003a41   __aeabi_memset4
00003a41   __aeabi_memset8
00003a47   memset
00003ac1   printf
00003b29   fseek
00003b8d   vPrintString
00003bb1   vPrintStringAndNumber
00003bed   sprintf
00003c4d   writemsg
00003c77   C$$IO$$
00003c7b   readmsg
00003d0b   ltoa
00003d61   atoi
00003dad   __aeabi_d2iz
00003df5   copy_in
00003e39   _Dtest
00003e7d   C$$EXIT
00003e81   abort
00003e89   exit
00003ebd   _c_int00
00003ef1   strncpy
00003f21   __aeabi_i2d
00003f4f   memcmp
00003f71   memccpy
00003f8d   _args_main
00003fa5   __aeabi_lmul
00003fbd   strcmp
00003fd5   memchr
00003feb   strchr
00004001   _register_unlock
00004007   _register_lock
0000400f   _nop
00004015   strlen
00004029   __TI_zero_init
0000403b   strcpy
0000404d   __TI_decompress_none
0000405b   _Dclass
00004069   ResetISR
00004075   SysCtlDelay
0000407b   __TI_decompress_rle24
00004080   _ctypes_
00004254   __TI_Handler_Table_Base
00004260   __TI_Handler_Table_Limit
00004268   __TI_CINIT_Base
00004278   __TI_CINIT_Limit
20002800   __CIOBUF_
20002920   _tmpnams
20002adc   __stack
20002bdc   __STACK_TOP
200032dc   __STACK_END
200032e0   _sys_memory
20003ae0   _ftable
20003c9c   pxCurrentTCB
20003ccc   _ft_end
20003cd0   __aeabi_stdin
20003cd4   __aeabi_stdout
20003cd8   __aeabi_stderr
20003cf0   pcTextForTask1
20003cf4   pcTextForTask2
20003cf8   _lock
20003cfc   _unlock
20003d00   _cleanup_ptr
20003d04   _dtors_ptr
20003d10   main_func_sp
ffffffff   __binit__
ffffffff   __c_args__
ffffffff   binit
UNDEFED    SHT$$INIT_ARRAY$$Base
UNDEFED    SHT$$INIT_ARRAY$$Limit

[187 symbols]
